// Jest Snapshot v1, https://goo.gl/fbAQLP

exports[`App component renders correctly 1`] = `
<div>
  <div
    class="sc-hAtEyd iPnIoV"
  >
    <div
      class="sc-fGFwAa lcvbOf"
    >
      <svg
        fill="currentColor"
        height="1em"
        stroke="currentColor"
        stroke-width="0"
        viewBox="0 0 512 512"
        width="1em"
        xmlns="http://www.w3.org/2000/svg"
      >
        <path
          d="M39.906 27.188c-9.118 13.907-11.366 30.99-7.843 50.718 4.2 23.526 16.91 50.038 35.28 75 36.742 49.925 96.05 93.082 148.813 99.625l3.688.47 2.375 2.844L416.374 490.22c19.352 4.624 31.847 1.745 38.344-4.69 6.547-6.484 9.566-19.005 4.717-38.874L39.908 27.187zM414.97 29.5L306.47 138c-12 11.998-12.104 25.2-5.908 39.625l2.563 5.97-4.688 4.5L262 222.844l29.594 29.593 34.594-36.532 4.5-4.75 5.968 2.594c15.165 6.535 29.546 6.267 40.688-4.875l108.5-108.5L471.75 86.28l-70.563 70.532L388 143.595l70.53-70.53L443.5 58.03l-70.53 70.532-13.22-13.218 70.53-70.53-15.31-15.314zM210.936 271.563L25.53 448.469c-4.575 18.95-1.644 30.787 4.532 36.905 6.178 6.118 18.128 8.927 36.844 4.406l173.22-182.967-29.19-35.25z"
        />
      </svg>
      <a
        class="sc-fmSAUk jRXSGx"
        href="/"
      >
        The Daily Chow
      </a>
    </div>
    <svg
      fill="currentColor"
      height="1em"
      role="img"
      stroke="currentColor"
      stroke-width="0"
      viewBox="0 0 24 24"
      width="1em"
      xmlns="http://www.w3.org/2000/svg"
    >
      <title />
      <path
        d="M11.2574.0039c-.37.0101-.7353.041-1.1003.095C9.6164.153 9.0766.4236 8.482.694c-.757.3244-1.5147.6486-2.2176.7027-1.1896.3785-1.568.919-1.8925 1.3516 0 .054-.054.1079-.054.1079-.4325.865-.4873 1.73-.325 2.5952.1621.5407.3786 1.0282.5408 1.5148.3785 1.0274.7578 2.0007.92 3.1362.1622.3244.3235.7571.4316 1.1897.2704.8651.542 1.8383 1.353 2.5952l.0057-.0028c.0175.0183.0301.0387.0482.0568.0072-.0036.0141-.0063.0213-.0099l-.0213-.5849c.6489-.9733 1.5673-1.6221 2.865-1.8925.5195-.1093 1.081-.1497 1.6625-.1278a8.7733 8.7733 0 0 1 1.7988.2357c1.4599.3785 2.595 1.1358 2.6492 1.7846.0273.3549.0398.6952.0326 1.0364-.001.064-.0046.1285-.007.193l.1362.0682c.075-.0375.1424-.107.2059-.1902.0008-.001.002-.002.0028-.0028.0018-.0023.0039-.0061.0057-.0085.0396-.0536.0747-.1236.1107-.1931.0188-.0377.0372-.0866.0554-.1292.2048-.4622.362-1.1536.538-1.9635.0541-.2703.1092-.4864.1633-.7027.4326-.9733 1.0266-1.8382 1.6213-2.6492.9733-1.3518 1.8928-2.5962 1.7846-4.0561-1.784-3.4608-4.2718-4.0017-5.5695-4.272-.2163-.0541-.3233-.0539-.4856-.108-1.3382-.2433-2.4945-.3953-3.6046-.3648zm5.0428 14.3788a9.8602 9.8602 0 0 0-.0326-.9824c-.0541-.703-1.1892-1.46-2.7032-1.8386-.588-.1336-1.1764-.2142-1.7448-.2356-.539-.0137-1.0657.0248-1.5546.1277-1.2436.2704-2.2162.9193-2.811 1.8925l.0511 1.431c.6672-.3558 1.7326-.8747 3.139-.9994.0662-.0059.1368-.0059.2044-.0099.1177-.013.2667-.044.4444-.044 1.6075 0 3.2682.5336 4.8767 1.6483.039-.2744.0611-.549.071-.8234l.044.0227c.0028-.0622.0143-.1268.0156-.1888zM11.256.0578c.1239-.0034.2538.01.379.0114-.23-.0022-.4588.0026-.6871.0156.103-.0061.2046-.0242.308-.027zm.4983.0156c.6552.014 1.3255.0711 2.0387.1803-.6834-.0987-1.3646-.1671-2.0387-.1803zm-1.3147.0554c-.076.0087-.1527.0133-.2285.0241-.8168.1167-1.7742.7015-2.75 1.045.3545-.1323.7143-.2957 1.0747-.4501C9.0765.4774 9.6705.207 10.1571.1529c.0939-.0139.1886-.0133.2825-.0241zm-.2285.24c.1622 0 .3787-.0002.5409.0539-.1425-.0357-.2595-.026-.3706-.0142a1.174 1.174 0 0 1 .3166.0681c.5796 1.0012-.4264 5.2791-.6786 8.1492.1559 1.0276.3138 1.9963.4628 2.7201-.7029-1.7843-1.4067-4.921-1.5148-7.354-.054-.9733.001-1.8386.2172-2.4874C9.401.8557 9.7244.4228 10.2111.3687zm3.1361.271c-.811 2.1088-.9184 6.1092-.9725 7.3528-.054.5407-.0001 1.73.054 2.5952 0 .2163.054.4325.054.6488 0-.2163-.054-.3786-.054-.5948-.4326-3.2442-.974-7.1362.9185-10.002zm3.352.3777c-.2704 2.1628-1.4047 3.191-1.7832 5.2998-.1081 1.6762-.325 3.6222-.379 5.2984-.0541-1.6762-.0007-3.4601.2697-5.2444.2703-1.8384.8651-3.6776 1.8925-5.3538zm-10.381.433c-.3581.1194-.632.248-.8575.3805.2317-.1358.4996-.2666.8575-.3805zm.2101.1974c.2155.0025.4384.0734.6006.2357-.0067-.004-.0078-.0033-.0142-.0071.1331.0929.2666.2093.3932.3847-.2036.9673.2553 3.0317.0398 4.6694.0763 1.5485.0717 3.1804.849 4.4594-.9796-1.5107-1.176-3.4375-1.3218-5.236-.1128-1.0907-.2035-2.0969-.4642-2.9033-.144-.3047-.2684-.5745-.3833-.822-.0247-.0369-.0447-.0784-.071-.1135-.1082-.1082-.1619-.2696-.1619-.3777 0-.054.0539-.1618.108-.1618.054-.0541.1616-.0553.2157-.1094a1.013 1.013 0 0 1 .2101-.0184zm-1.3459.6133c-.0604.0201-.0923.041-.1405.061.1768-.034.3617.0339.5196.318-.1877.8916.4364 3.3685.4288 5.104.3124 1.8478.5496 3.8498 1.5716 5.1152C6.3723 11.5076 5.886 9.1286 5.5076 7.128 5.183 5.56 4.9125 4.2086 4.3718 3.776c-.054-.1081-.1079-.163-.1079-.2711 0-.1622-.0002-.3786.1079-.5949-.2772.6337-.4047 1.2673-.3706 1.901-.0445-.6487.0857-1.2905.3706-1.901 0-.054.054-.0538.054-.1079.012-.016.0314-.0349.044-.0511.0618-.0983.1308-.189.2257-.257.0557-.0615.0965-.1191.159-.1817-.0526.0555-.0872.1092-.1335.1647.0273-.018.0523-.0368.0838-.0525.1081-.1082.2154-.1633.3776-.1633zm-.3776.1633c-.0038.0075-.0076.0111-.0114.0184.0125-.0099.0242-.0208.037-.0298-.0074.0037-.0182.0077-.0256.0114zm14.7608 1.1343c-.0017.0052-.004.0104-.0057.0156.0378-.005.0751-.0173.1135-.0156-.0378-.0022-.0763.0103-.115.0199-.8634 2.6418-1.8874 5.2844-2.9118 7.9262a.0184.0184 0 0 1-.0015.0028c-.0874.4652-.234.8842-.5395 1.1898.4326-.4867.4854-1.1907.5395-2.0558.054-.811.0544-1.6761.487-2.5413 0-.0531.0012-.1058.0525-.159.0003-.0009.0012-.0019.0015-.0028.0973-.3524.202-.6885.3166-1.018.4183-1.2896 1.1396-3.1653 2.0131-3.3405.0163-.0052.034-.018.0497-.0213zM8.3726 16.2113l-.3238.1079c.1623.2163.2696.379.3777.433.1081.054.2168.108.379.108.0541 0 .1618 0 .2159-.054l.812-.2698c.0541 0 .1078-.054.1619-.054.1081 0 .1616 0 .2697.054l.2712.2698.2697-.054c-.1081-.1622-.2695-.3236-.3776-.3776-.1082-.0541-.2169-.1094-.379-.1094h-.108l-.866.3252h-.1618c-.1082 0-.2157 0-.2698-.054-.054-.054-.163-.1629-.2712-.3251zm-2.5953.541c-.2703.1621-.649.4324-1.1897.6487-.5407.2163-.9734.4325-1.1897.6488-.2163.2163-.3237.4326-.3237.6488 0 .1082.0537.1632.1618.2172.054.0541.1632.0539.2172.108.757.3244 1.5133.7019 2.2162 1.0803.1082.0541.2171.1632.2712.2173.054.054.1078.054.1618.054.1082 0 .2695-.0538.3777-.162.1081-.108.1632-.217.1632-.325 0-.1082-.055-.1618-.1632-.2158 0 0-.4328-.2165-1.1898-.541-.4866-.2162-.9179-.4326-1.1883-.5948.1623-.2704.486-.4865.9726-.7028.5407-.2163.9196-.4326 1.0818-.5948.054-.0541.054-.1078.054-.1619 0-.054-.0539-.1631-.108-.2172-.054-.054-.163-.1079-.2711-.1079zm11.247 0c-.054 0-.1618.0537-.2158.1078-.0541.1081-.1093.1632-.1093.2172v.054c.1622.1622.3797.2695.7041.3776.2704.054.5403.1632.8107.2172.3244.1082.5407.2693.6488.4856v.0553c0 .0541-.1088.1616-.3251.2698-.1082.054-.3245.2167-.5949.433-.2703.1622-.4326.3236-.5948.3776-.2163.1082-.3776.217-.4316.3252-.0541.054-.054.1077-.054.1618 0 .1081.0539.1077.108.2158.054.1081.1616.1093.2157.1093.054 0 .1078-.0554.1619-.0554.2703-.1622.6492-.3782 1.0818-.7567.4866-.3784.8655-.6484 1.0818-.8106.2163-.1082.3237-.2169.3237-.379 0-.0541.0002-.1618-.1079-.2159-.3785-.4325-.9185-.7022-1.5674-.9185-.1081-.0541-.2704-.1092-.5948-.1633-.1622-.054-.3249-.1079-.433-.1079zm-2.9743.8106c-.2704 0-.4866.055-.6488.2172-.2163.1622-.2699.4323-.2158.7567 0 .2703.1075.4865.2697.7027.1622.2163.3786.3252.5949.3252.1622 0 .2708-.0553.433-.1094.2703-.1622.379-.4319.379-.9185 0-.3785-.109-.6485-.2711-.8107-.1622-.1081-.3246-.1632-.541-.1632zm-4.4877.054c-.2704 0-.4866.055-.6488.2171-.2163.1622-.27.4323-.2158.7567 0 .2704.1075.4865.2697.7028s.3786.3251.5949.3251c.1622 0 .2708-.0552.433-.1093.2703-.1622.3776-.432.3776-.9186 0-.4325-.1075-.7025-.2697-.8106-.1622-.1082-.3247-.1633-.541-.1633zm0 .6501c.1622 0 .2711.1076.2711.2698 0 .1622-.163.2697-.2711.2697-.1622 0-.2698-.1075-.2698-.2697s.1076-.2698.2698-.2698zm4.3798.054c.1622 0 .2711.1075.2711.2697 0 .1082-.109.2698-.2711.2698-.1622 0-.2698-.1076-.2698-.2698 0-.1622.1076-.2697.2698-.2697zm-2.7032 2.1083l.1619.3237c.054.1081.1076.163.2158.2711.054.054.163.1619.2712.1619h.1078c.1082 0 .1618 0 .2158-.054.0541-.054.1632-.0538.2173-.1079l.1618-.1618c.054-.054.108-.1092.108-.1633.054-.054.0537-.1078.1078-.1618 0-.0541.054-.108.054-.108-.0541.1082-.1618.2156-.2158.3238-.1082.054-.1616.1632-.2698.1632-.1081.0541-.217.054-.3251.054s-.2157.0001-.2697-.054c-.1082 0-.1632-.0538-.2173-.1079l-.1618-.1632c-.054-.0541-.1078-.1618-.1619-.2158zm-.866 1.0278c-1.1355 0-1.8377 1.5136-3.4598.1619-.4326 2.6494 2.7583 2.866 4.11 1.7306.9192-.811.6475-1.9465-.6502-1.8925zm2.8664 0c-1.2977-.054-1.568 1.0815-.6488 1.8925 1.3518 1.1355 4.5412.9188 4.1087-1.7306-1.6221 1.3517-2.2703-.1619-3.4599-.1619z"
      />
    </svg>
  </div>
  <form
    class="sc-ktEKTO aqGHD"
  >
    <div>
      <svg
        fill="currentColor"
        height="1em"
        stroke="currentColor"
        stroke-width="0"
        viewBox="0 0 512 512"
        width="1em"
        xmlns="http://www.w3.org/2000/svg"
      >
        <path
          d="M505 442.7L405.3 343c-4.5-4.5-10.6-7-17-7H372c27.6-35.3 44-79.7 44-128C416 93.1 322.9 0 208 0S0 93.1 0 208s93.1 208 208 208c48.3 0 92.7-16.4 128-44v16.3c0 6.4 2.5 12.5 7 17l99.7 99.7c9.4 9.4 24.6 9.4 33.9 0l28.3-28.3c9.4-9.4 9.4-24.6.1-34zM208 336c-70.7 0-128-57.2-128-128 0-70.7 57.2-128 128-128 70.7 0 128 57.2 128 128 0 70.7-57.2 128-128 128z"
        />
      </svg>
      <input
        placeholder="Search cuisine by types"
        type=""
      />
    </div>
  </form>
  <div
    class="sc-fbJfA dbyQqp"
  >
    <a
      class="sc-brKeYL hIUcOz"
      href="/cuisine/italian"
    >
      <svg
        fill="currentColor"
        height="1em"
        stroke="currentColor"
        stroke-width="0"
        viewBox="0 0 512 512"
        width="1em"
        xmlns="http://www.w3.org/2000/svg"
      >
        <path
          d="M239.643 90.924c-.86 1.458-.836 7.676-.643 15.758l207.96 77.752c-.75-5.11-1.026-10.22-.07-15.504 1.096-6.05 4.167-11.833 9.258-16.95-4.287-2.323-9.127-4.66-14.44-6.93-16.102-6.884-36.296-13.547-57.772-19.986-42.423-12.718-89.605-24.523-122.35-36.86-5.586-1.577-18.39-3.26-21.943 2.72zm-13.24 28.13l-13.977 22.575c2.48 1.246 4.814 2.69 6.963 4.327 8.1 6.17 13.75 15.402 13.75 25.844 0 10.442-5.65 19.673-13.75 25.845-8.103 6.17-18.78 9.687-30.408 9.687-5.542 0-10.863-.808-15.796-2.312l-54.684 88.334c4.02 1.602 8.016 3.954 11.836 7.193 8.423 6.012 14.26 12.96 16.83 20.02 2.57 7.06 1.765 14.98-5.385 20.472-7.15 5.49-17.81 6.38-27.43 4.737-7.88-1.345-15.738-4.314-22.95-8.646L45.14 411.86l217.22-112.354c-3.304-.727-6.65-1.74-10.005-3.065-11.6-4.575-21.265-11.935-27.802-20.903-6.538-8.967-10.216-20.45-7.016-31.433 3.2-10.985 12.122-17.495 21.998-19.987 9.876-2.492 21.397-1.492 32.996 3.084 11.6 4.578 21.267 11.938 27.804 20.905 5.802 7.96 9.34 17.896 7.828 27.71l141.613-73.25-221.478-82.803zm-27.303 34.62c-16 14.192-32.002 38.596-10.118 37.658 8.336 0 15.738-2.643 20.72-6.437 4.98-3.795 7.437-8.075 7.437-13.094 0-5.02-3.762-9.676-7.44-13.093-2.864-2.663-3.573-4.044-10.6-5.033zm270.838 7.252c-5.064 3.71-6.593 6.936-7.303 10.855-.59 8.193 1.635 18.62 2.694 23.34.418 1.868 3.832 11.275 2.057 12.204C326.357 281.18 185.33 355.034 44.3 428.894l.262 16.5c141.03-73.855 289.22-150.04 430.25-223.896l7.084-3.71c-.262-6.386-.518-8.266-1.013-12.378.097-4.352-.216-10.013-.865-15.71-.65-5.698-1.636-11.473-2.782-16.114-1.124-4.555-2.798-8.16-2.974-8.45-1.077-1.325-2.54-2.74-4.324-4.21zm-218.87 79.164c-3.07-.047-5.906.268-8.39.894-6.624 1.672-10.038 5.04-11.094 8.662-1.056 3.623-.105 8.71 4.28 14.725 4.383 6.015 11.93 12.048 21.253 15.726 9.322 3.678 18.47 4.23 25.092 2.56 6.622-1.67 10.035-5.037 11.09-8.66 1.056-3.623.108-8.713-4.277-14.726-4.384-6.014-11.933-12.047-21.255-15.725-5.827-2.3-11.584-3.378-16.7-3.455zm-139.045 68.363c-5.864-.092-9.69 7.346-12.42 15.705 6.25 4.463 13.366 7.25 18.922 8.2 5.557.948 8.55.168 9.89-.86 1.337-1.028 2.28-3.272.796-7.35-1.484-4.077-5.506-9.238-11.76-13.7-1.982-1.352-3.784-1.97-5.427-1.995z"
        />
      </svg>
      <h4>
        Italian
      </h4>
    </a>
    <a
      class="sc-brKeYL hIUcOz"
      href="/cuisine/american"
    >
      <svg
        fill="currentColor"
        height="1em"
        stroke="currentColor"
        stroke-width="0"
        viewBox="0 0 512 512"
        width="1em"
        xmlns="http://www.w3.org/2000/svg"
      >
        <path
          d="M250.97 29.357c-106.557-.21-211.806 52.74-203.48 164.053 138.91 11.4 276.71 8.893 414.174.662 10.58-107.69-100.753-164.498-210.693-164.715zm59.876 23.996c11.165 0 20.216 4.468 20.216 9.98 0 5.513-9.051 9.981-20.216 9.981-11.166 0-20.217-4.468-20.217-9.98 0-5.513 9.051-9.98 20.217-9.98zm-111.852 19.83c11.165 0 20.217 4.469 20.217 9.98 0 5.513-9.052 9.981-20.217 9.981s-20.216-4.468-20.217-9.98c0-5.512 9.052-9.98 20.217-9.98zm178.057 34.02c11.165 0 20.216 4.468 20.217 9.98 0 5.512-9.052 9.98-20.217 9.98s-20.217-4.468-20.217-9.98c0-5.512 9.052-9.98 20.217-9.98zm-273.59 21.535c11.165 0 20.216 4.468 20.217 9.98 0 5.513-9.052 9.98-20.217 9.98s-20.217-4.467-20.217-9.98c0-5.512 9.052-9.98 20.217-9.98zm313.77 30.043c11.165 0 20.216 4.468 20.216 9.98 0 5.512-9.051 9.98-20.217 9.98-11.165 0-20.216-4.468-20.216-9.98 0-5.512 9.051-9.98 20.216-9.98zm-137.91 8.045c11.166 0 20.218 4.47 20.216 9.982 0 5.512-9.051 9.98-20.217 9.98-11.165 0-20.216-4.468-20.216-9.98-.002-5.513 9.05-9.982 20.216-9.982zM57.618 212.339c-18.964.405-9.028 24.485 14.383 24.573 128.554 10.208 236.673 9.686 372.117-2.42 16.096-2.708 25.212-13.087 10.824-21.969-131.579 7.67-263.81 10.045-397.324-.184zm403.024 40.612c-131.224 13.6-277.594 10.525-390.065 1.904-46.983-6.226-47.875 46.785-17.014 52.309 146.18 14.663 271.826 10.735 415.137-.53 25.007-1.144 14.554-55.328-8.058-53.683zM20.986 366.679l15.332 9.434c6.342-8.416 17.876-32.05 33.319-32.192 19.122-.174 22.345 39.302 41.98 39.103 22.607-.228 37.828-31.548 52.447-30.882 22.09 1.008 26.333 35.9 43.557 35.928 24.089.04 31.439-36.39 46.805-35.334 21.458 1.475 33.246 28.274 50.879 29.178 19.004.974 30.654-33.027 43.265-32.748 16.61.366 28.31 32.46 54.24 33.193 15.345.434 29.694-37.411 37.005-36.815 14.417 1.174 26.549 20.548 36.085 34.835l15.114-9.776c-12.029-16.216-30.117-44.428-52.558-44.017-20.907.382-25.948 38.114-38.102 37.943-23.28-.328-33.756-32.164-52.598-33.346-19.356-1.214-30.475 33.636-43.353 32.768-18.954-1.277-27.303-29.16-49.475-29.917-19.62-.67-34.121 37.669-46.793 36.044-18.139-2.326-20.226-36.378-43.317-37.836-19.11-1.207-37.562 30.604-50.314 29.999-17.525-.833-25.243-40.224-45.41-39.986-21.826.258-39.145 30.34-48.108 44.424zm47.553 36.174c-8.342.686-18.198 4.251-21.85 12.424-2.452 6.662 19.173 8.558 21.114 8.695 128.615 8.104 254.354 8.26 389.8-1.345 9.225-.655 13.935-3.147 15.252-4.414 3.124-8.208-23.168-13.935-25.818-14.004-185.01-1.178-279.257 2.209-378.498-1.356zm395.555 37.192c-126.786 6.957-283.18 9.384-408.123.707l.521 38.67c135.917 4.617 275.647 3.99 406.658-.088z"
        />
      </svg>
      <h4>
        American
      </h4>
    </a>
    <a
      class="sc-brKeYL hIUcOz"
      href="/cuisine/thai"
    >
      <svg
        fill="currentColor"
        height="1em"
        stroke="currentColor"
        stroke-width="0"
        viewBox="0 0 512 512"
        width="1em"
        xmlns="http://www.w3.org/2000/svg"
      >
        <path
          d="M21.35 26.1l-2.68 15.78L382.7 103.9l2.6-15.79L21.35 26.1zm-.55 57.94l-1.58 15.92L383.2 136l1.6-16-364-35.96zm202.6 52.16c-1.8 7.8-7.7 19.5-14.3 31C201.1 181 192 194 192 208c0 18.7 9.8 31.1 18 40.3 8.2 9.3 14 15.3 14 23.7 0 5.7-3.3 14.8-7.8 24h18c3.4-7.9 5.8-16 5.8-24 0-15.5-10.2-25.5-18-34.3-7.8-8.8-14-16.4-14-29.7 0-4.9 6.9-18.8 14.9-32.8 7-12.1 14.8-24.6 16.7-37.4l-16.2-1.6zm40 4c-1.7 7.5-7.5 18.2-14.2 28.8-8 12.8-17.2 25-17.2 39 0 18.7 9.8 31.1 18 40.3 8.2 9.3 14 15.3 14 23.7 0 5.7-3.3 14.8-7.8 24h18c3.4-7.9 5.8-16 5.8-24 0-15.5-10.2-25.5-18-34.3-7.8-8.8-14-16.4-14-29.7 0-4.9 6.8-17.6 14.8-30.5 7-11.3 14.8-23.1 16.8-35.8l-16.2-1.5zm40 3.9c-1.7 7.2-7.4 16.9-14 26.7-8 11.8-17.4 23.2-17.4 37.2 0 18.7 9.8 31.1 18 40.3 8.2 9.3 14 15.3 14 23.7 0 5.7-3.3 14.8-7.8 24h18c3.4-7.9 5.8-16 5.8-24 0-15.5-10.2-25.5-18-34.3-7.8-8.8-14-16.4-14-29.7 0-4.9 6.6-16.4 14.6-28.3 7-10.4 15-21.5 16.9-34l-16.1-1.6zM40.33 312c1.68 42.5 16.6 76.8 48.58 101.7C122.9 440.1 177.1 456 256 456s133.1-15.9 167.1-42.3c32-24.9 46.9-59.2 48.6-101.7H40.33zM192 472v16h128v-16H192z"
        />
      </svg>
      <h4>
        Thai
      </h4>
    </a>
    <a
      class="sc-brKeYL hIUcOz"
      href="/cuisine/chinese"
    >
      <svg
        fill="currentColor"
        height="1em"
        stroke="currentColor"
        stroke-width="0"
        viewBox="0 0 512 512"
        width="1em"
        xmlns="http://www.w3.org/2000/svg"
      >
        <path
          d="M253.8 19.46h-1.1c-1.8.1-3.5.34-5.1.85-4.2 1.3-7.4 3.84-9.6 9.49l-14.5 39.6 33.8 12.74 16.4-38.93c2.2-5.65 1.6-9.64-.6-13.3-2.2-3.8-6.3-7.04-11.2-8.87-2.6-1-5.4-1.53-8.1-1.59zM217.4 86.2 82.21 455.4l15.84 5.9L250.4 98.63zm189.8 11.6c-4.3.2-8.1 1.85-11.8 6.7l-24.5 34.6 29.3 20.8 26.1-33.4c3.7-4.8 4.1-8.9 3-12.9-1.2-4.3-4.2-8.4-8.5-11.4-3.7-2.67-8-4.21-11.9-4.4h-1.7zm-46.7 55.9L132.1 476l13.7 9.7 243.3-311.6z"
        />
      </svg>
      <h4>
        Chinese
      </h4>
    </a>
  </div>
  <div
    style="opacity: 0;"
  >
    <div>
      <div
        class="sc-hLseeU kxUKCE"
      >
        <h3>
          Vegetarian
        </h3>
        <div
          aria-roledescription="carousel"
          class="splide splide--slide splide--ltr splide--draggable is-active is-initialized"
          id="splide01"
          role="region"
        >
          <div
            aria-atomic="true"
            aria-live="polite"
            class="splide__track splide__track--slide splide__track--ltr splide__track--draggable"
            id="splide01-track"
            style="padding-left: 0px; padding-right: 0px;"
          >
            <ul
              class="splide__list"
              id="splide01-list"
              role="presentation"
              style="transform: translateX(0px);"
            />
          </div>
        </div>
      </div>
    </div>
    <div>
      <div
        class="sc-beqWaB fzSpKo"
      >
        <h3>
          Popular Picks
        </h3>
        <div
          aria-roledescription="carousel"
          class="splide splide--slide splide--ltr splide--draggable is-active is-initialized"
          id="splide02"
          role="region"
        >
          <div
            class="splide__arrows splide__arrows--ltr"
          >
            <button
              aria-controls="splide02-track"
              aria-label="Previous slide"
              class="splide__arrow splide__arrow--prev"
              disabled=""
              type="button"
            >
              <svg
                focusable="false"
                height="40"
                viewBox="0 0 40 40"
                width="40"
                xmlns="http://www.w3.org/2000/svg"
              >
                <path
                  d="m15.5 0.932-4.3 4.38 14.5 14.6-14.5 14.5 4.3 4.4 14.6-14.6 4.4-4.3-4.4-4.4-14.6-14.6z"
                />
              </svg>
            </button>
            <button
              aria-controls="splide02-track"
              aria-label="Next slide"
              class="splide__arrow splide__arrow--next"
              disabled=""
              type="button"
            >
              <svg
                focusable="false"
                height="40"
                viewBox="0 0 40 40"
                width="40"
                xmlns="http://www.w3.org/2000/svg"
              >
                <path
                  d="m15.5 0.932-4.3 4.38 14.5 14.6-14.5 14.5 4.3 4.4 14.6-14.6 4.4-4.3-4.4-4.4-14.6-14.6z"
                />
              </svg>
            </button>
          </div>
          <div
            aria-atomic="true"
            aria-live="polite"
            class="splide__track splide__track--slide splide__track--ltr splide__track--draggable"
            id="splide02-track"
            style="padding-left: 0px; padding-right: 0px;"
          >
            <ul
              class="splide__list"
              id="splide02-list"
              role="presentation"
              style="transform: translateX(0px);"
            />
          </div>
        </div>
      </div>
    </div>
  </div>
</div>
`;
